[    3702ms] [INFO] %cDownload the React DevTools for a better development experience: https://react.dev/link/react-devtools font-weight:bold @ webpack-internal:///(app-pages-browser)/./node_modules/next/dist/next-devtools/shared/forward-logs-shared.js:44
[    3966ms] [LOG] [HMR] connected @ webpack-internal:///(app-pages-browser)/./node_modules/next/dist/next-devtools/shared/forward-logs-shared.js:44
[   12228ms] [WARNING] The resource http://localhost:3100/_next/static/media/7d4881bb7e1bf84d-s.p.woff2?v=1791017184933 was preloaded using link preload but not used within a few seconds from the window's load event. Please make sure it has an appropriate `as` value and it is preloaded intentionally. @ http://localhost:3100/:0
[   12228ms] [WARNING] The resource http://localhost:3100/_next/static/media/22a5144ee8d83bca-s.p.woff2?v=1791017184933 was preloaded using link preload but not used within a few seconds from the window's load event. Please make sure it has an appropriate `as` value and it is preloaded intentionally. @ http://localhost:3100/:0
[   49825ms] [LOG] [Fast Refresh] rebuilding @ webpack-internal:///(app-pages-browser)/./node_modules/next/dist/next-devtools/shared/forward-logs-shared.js:44
[   51964ms] [LOG] [Fast Refresh] rebuilding @ webpack-internal:///(app-pages-browser)/./node_modules/next/dist/next-devtools/shared/forward-logs-shared.js:44
[   52194ms] [LOG] [Fast Refresh] done in 230ms @ webpack-internal:///(app-pages-browser)/./node_modules/next/dist/next-devtools/shared/forward-logs-shared.js:44
[  148810ms] [INFO] %cDownload the React DevTools for a better development experience: https://react.dev/link/react-devtools font-weight:bold @ webpack-internal:///(app-pages-browser)/./node_modules/next/dist/next-devtools/shared/forward-logs-shared.js:44
[  148908ms] [LOG] [HMR] connected @ webpack-internal:///(app-pages-browser)/./node_modules/next/dist/next-devtools/shared/forward-logs-shared.js:44
[  150077ms] [WARNING] [.WebGL-0x39f400101000]GL Driver Message (OpenGL, Performance, GL_CLOSE_PATH_NV, High): GPU stall due to ReadPixels @ http://localhost:3100/:0
[  150352ms] [WARNING] [.WebGL-0x39f400101000]GL Driver Message (OpenGL, Performance, GL_CLOSE_PATH_NV, High): GPU stall due to ReadPixels @ http://localhost:3100/:0
[  150406ms] [WARNING] [.WebGL-0x39f400101000]GL Driver Message (OpenGL, Performance, GL_CLOSE_PATH_NV, High): GPU stall due to ReadPixels (this message will no longer repeat) @ http://localhost:3100/:0
[  156287ms] [WARNING] The resource http://localhost:3100/_next/static/media/7d4881bb7e1bf84d-s.p.woff2?v=1791017238496 was preloaded using link preload but not used within a few seconds from the window's load event. Please make sure it has an appropriate `as` value and it is preloaded intentionally. @ http://localhost:3100/:0
[  156287ms] [WARNING] The resource http://localhost:3100/_next/static/media/22a5144ee8d83bca-s.p.woff2?v=1791017238496 was preloaded using link preload but not used within a few seconds from the window's load event. Please make sure it has an appropriate `as` value and it is preloaded intentionally. @ http://localhost:3100/:0
[  179801ms] [INFO] %cDownload the React DevTools for a better development experience: https://react.dev/link/react-devtools font-weight:bold @ webpack-internal:///(app-pages-browser)/./node_modules/next/dist/next-devtools/shared/forward-logs-shared.js:44
[  179900ms] [LOG] [HMR] connected @ webpack-internal:///(app-pages-browser)/./node_modules/next/dist/next-devtools/shared/forward-logs-shared.js:44
[  187200ms] [WARNING] The resource http://localhost:3100/_next/static/media/7d4881bb7e1bf84d-s.p.woff2?v=1791017363003 was preloaded using link preload but not used within a few seconds from the window's load event. Please make sure it has an appropriate `as` value and it is preloaded intentionally. @ http://localhost:3100/:0
[  187200ms] [WARNING] The resource http://localhost:3100/_next/static/media/22a5144ee8d83bca-s.p.woff2?v=1791017363003 was preloaded using link preload but not used within a few seconds from the window's load event. Please make sure it has an appropriate `as` value and it is preloaded intentionally. @ http://localhost:3100/:0
[  196915ms] [LOG] [Fast Refresh] rebuilding @ webpack-internal:///(app-pages-browser)/./node_modules/next/dist/next-devtools/shared/forward-logs-shared.js:44
[  198404ms] [LOG] [Fast Refresh] done in 1498ms @ webpack-internal:///(app-pages-browser)/./node_modules/next/dist/next-devtools/shared/forward-logs-shared.js:44
[  201898ms] [WARNING] The resource http://localhost:3100/_next/static/css/app/layout.css?v=1791017382400 was preloaded using link preload but not used within a few seconds from the window's load event. Please make sure it has an appropriate `as` value and it is preloaded intentionally. @ http://localhost:3100/:0
[  201899ms] [WARNING] The resource http://localhost:3100/_next/static/media/22a5144ee8d83bca-s.p.woff2?v=1791017363003 was preloaded using link preload but not used within a few seconds from the window's load event. Please make sure it has an appropriate `as` value and it is preloaded intentionally. @ http://localhost:3100/:0
[  201900ms] [WARNING] The resource http://localhost:3100/_next/static/media/7d4881bb7e1bf84d-s.p.woff2?v=1791017363003 was preloaded using link preload but not used within a few seconds from the window's load event. Please make sure it has an appropriate `as` value and it is preloaded intentionally. @ http://localhost:3100/:0
[  205865ms] [WARNING] The resource http://localhost:3100/_next/static/media/7d4881bb7e1bf84d-s.p.woff2?v=1791017363003 was preloaded using link preload but not used within a few seconds from the window's load event. Please make sure it has an appropriate `as` value and it is preloaded intentionally. @ http://localhost:3100/:0
[  205865ms] [WARNING] The resource http://localhost:3100/_next/static/media/22a5144ee8d83bca-s.p.woff2?v=1791017363003 was preloaded using link preload but not used within a few seconds from the window's load event. Please make sure it has an appropriate `as` value and it is preloaded intentionally. @ http://localhost:3100/:0
[  290760ms] [LOG] [Fast Refresh] rebuilding @ webpack-internal:///(app-pages-browser)/./node_modules/next/dist/next-devtools/shared/forward-logs-shared.js:44
[  291475ms] [LOG] [Fast Refresh] done in 715ms @ webpack-internal:///(app-pages-browser)/./node_modules/next/dist/next-devtools/shared/forward-logs-shared.js:44
[  291997ms] [LOG] [Fast Refresh] rebuilding @ webpack-internal:///(app-pages-browser)/./node_modules/next/dist/next-devtools/shared/forward-logs-shared.js:44
[  293060ms] [LOG] [Fast Refresh] done in 1064ms @ webpack-internal:///(app-pages-browser)/./node_modules/next/dist/next-devtools/shared/forward-logs-shared.js:44
[  297710ms] [WARNING] The resource http://localhost:3100/_next/static/media/22a5144ee8d83bca-s.p.woff2?v=1791017363003 was preloaded using link preload but not used within a few seconds from the window's load event. Please make sure it has an appropriate `as` value and it is preloaded intentionally. @ http://localhost:3100/:0
[  297711ms] [WARNING] The resource http://localhost:3100/_next/static/media/7d4881bb7e1bf84d-s.p.woff2?v=1791017363003 was preloaded using link preload but not used within a few seconds from the window's load event. Please make sure it has an appropriate `as` value and it is preloaded intentionally. @ http://localhost:3100/:0
[  297711ms] [WARNING] The resource http://localhost:3100/_next/static/css/app/layout.css?v=1791017475860 was preloaded using link preload but not used within a few seconds from the window's load event. Please make sure it has an appropriate `as` value and it is preloaded intentionally. @ http://localhost:3100/:0
[  383259ms] [LOG] [Fast Refresh] rebuilding @ webpack-internal:///(app-pages-browser)/./node_modules/next/dist/next-devtools/shared/forward-logs-shared.js:44
[  384474ms] [LOG] [Fast Refresh] rebuilding @ webpack-internal:///(app-pages-browser)/./node_modules/next/dist/next-devtools/shared/forward-logs-shared.js:44
[  385690ms] [LOG] [Fast Refresh] done in 1216ms @ webpack-internal:///(app-pages-browser)/./node_modules/next/dist/next-devtools/shared/forward-logs-shared.js:44
[  385918ms] [LOG] [Fast Refresh] rebuilding @ webpack-internal:///(app-pages-browser)/./node_modules/next/dist/next-devtools/shared/forward-logs-shared.js:44
[  387916ms] [LOG] [Fast Refresh] done in 1999ms @ webpack-internal:///(app-pages-browser)/./node_modules/next/dist/next-devtools/shared/forward-logs-shared.js:44
[  388157ms] [LOG] [Fast Refresh] rebuilding @ webpack-internal:///(app-pages-browser)/./node_modules/next/dist/next-devtools/shared/forward-logs-shared.js:44
[  389100ms] [LOG] [Fast Refresh] done in 943ms @ webpack-internal:///(app-pages-browser)/./node_modules/next/dist/next-devtools/shared/forward-logs-shared.js:44
[  391987ms] [LOG] [Fast Refresh] done in 3831ms @ webpack-internal:///(app-pages-browser)/./node_modules/next/dist/next-devtools/shared/forward-logs-shared.js:44
[  392232ms] [WARNING] [HMR] unexpected require((app-pages-browser)/./src/lib/mock/index.ts) from disposed module (app-pages-browser)/./src/lib/api.ts @ webpack-internal:///(app-pages-browser)/./node_modules/next/dist/next-devtools/shared/forward-logs-shared.js:44
[  397465ms] [WARNING] This page appears to be missing CSS declarations for Mapbox GL JS, which may cause the map to display incorrectly. Please ensure your page includes mapbox-gl.css, as described in https://www.mapbox.com/mapbox-gl-js/api/. @ webpack-internal:///(app-pages-browser)/./node_modules/next/dist/next-devtools/shared/forward-logs-shared.js:44
[  398046ms] [WARNING] The resource http://localhost:3100/_next/static/media/22a5144ee8d83bca-s.p.woff2?v=1791017363003 was preloaded using link preload but not used within a few seconds from the window's load event. Please make sure it has an appropriate `as` value and it is preloaded intentionally. @ http://localhost:3100/:0
[  398046ms] [WARNING] The resource http://localhost:3100/_next/static/media/7d4881bb7e1bf84d-s.p.woff2?v=1791017363003 was preloaded using link preload but not used within a few seconds from the window's load event. Please make sure it has an appropriate `as` value and it is preloaded intentionally. @ http://localhost:3100/:0
[  398046ms] [WARNING] The resource http://localhost:3100/_next/static/css/app/layout.css?v=1791017475860 was preloaded using link preload but not used within a few seconds from the window's load event. Please make sure it has an appropriate `as` value and it is preloaded intentionally. @ http://localhost:3100/:0
[  398046ms] [WARNING] The resource http://localhost:3100/_next/static/css/app/layout.css?v=1791017574264 was preloaded using link preload but not used within a few seconds from the window's load event. Please make sure it has an appropriate `as` value and it is preloaded intentionally. @ http://localhost:3100/:0
[  404878ms] [WARNING] The resource http://localhost:3100/_next/static/media/22a5144ee8d83bca-s.p.woff2?v=1791017363003 was preloaded using link preload but not used within a few seconds from the window's load event. Please make sure it has an appropriate `as` value and it is preloaded intentionally. @ http://localhost:3100/:0
[  404879ms] [WARNING] The resource http://localhost:3100/_next/static/media/7d4881bb7e1bf84d-s.p.woff2?v=1791017363003 was preloaded using link preload but not used within a few seconds from the window's load event. Please make sure it has an appropriate `as` value and it is preloaded intentionally. @ http://localhost:3100/:0
[  404879ms] [WARNING] The resource http://localhost:3100/_next/static/css/app/layout.css?v=1791017475860 was preloaded using link preload but not used within a few seconds from the window's load event. Please make sure it has an appropriate `as` value and it is preloaded intentionally. @ http://localhost:3100/:0
[  404879ms] [WARNING] The resource http://localhost:3100/_next/static/css/app/layout.css?v=1791017574264 was preloaded using link preload but not used within a few seconds from the window's load event. Please make sure it has an appropriate `as` value and it is preloaded intentionally. @ http://localhost:3100/:0
[  408520ms] [WARNING] The resource http://localhost:3100/_next/static/media/22a5144ee8d83bca-s.p.woff2?v=1791017363003 was preloaded using link preload but not used within a few seconds from the window's load event. Please make sure it has an appropriate `as` value and it is preloaded intentionally. @ http://localhost:3100/:0
[  408520ms] [WARNING] The resource http://localhost:3100/_next/static/media/7d4881bb7e1bf84d-s.p.woff2?v=1791017363003 was preloaded using link preload but not used within a few seconds from the window's load event. Please make sure it has an appropriate `as` value and it is preloaded intentionally. @ http://localhost:3100/:0
[  408520ms] [WARNING] The resource http://localhost:3100/_next/static/css/app/layout.css?v=1791017475860 was preloaded using link preload but not used within a few seconds from the window's load event. Please make sure it has an appropriate `as` value and it is preloaded intentionally. @ http://localhost:3100/:0
[  408520ms] [WARNING] The resource http://localhost:3100/_next/static/css/app/layout.css?v=1791017574264 was preloaded using link preload but not used within a few seconds from the window's load event. Please make sure it has an appropriate `as` value and it is preloaded intentionally. @ http://localhost:3100/:0
[  434519ms] [INFO] %cDownload the React DevTools for a better development experience: https://react.dev/link/react-devtools font-weight:bold @ webpack-internal:///(app-pages-browser)/./node_modules/next/dist/next-devtools/shared/forward-logs-shared.js:44
[  434661ms] [LOG] [HMR] connected @ webpack-internal:///(app-pages-browser)/./node_modules/next/dist/next-devtools/shared/forward-logs-shared.js:44
[  442667ms] [WARNING] The resource http://localhost:3100/_next/static/media/22a5144ee8d83bca-s.p.woff2?v=1791017616123 was preloaded using link preload but not used within a few seconds from the window's load event. Please make sure it has an appropriate `as` value and it is preloaded intentionally. @ http://localhost:3100/:0
[  442667ms] [WARNING] The resource http://localhost:3100/_next/static/media/7d4881bb7e1bf84d-s.p.woff2?v=1791017616123 was preloaded using link preload but not used within a few seconds from the window's load event. Please make sure it has an appropriate `as` value and it is preloaded intentionally. @ http://localhost:3100/:0
[  447333ms] [WARNING] The resource http://localhost:3100/_next/static/media/22a5144ee8d83bca-s.p.woff2?v=1791017616123 was preloaded using link preload but not used within a few seconds from the window's load event. Please make sure it has an appropriate `as` value and it is preloaded intentionally. @ http://localhost:3100/:0
[  447333ms] [WARNING] The resource http://localhost:3100/_next/static/media/7d4881bb7e1bf84d-s.p.woff2?v=1791017616123 was preloaded using link preload but not used within a few seconds from the window's load event. Please make sure it has an appropriate `as` value and it is preloaded intentionally. @ http://localhost:3100/:0
[  471145ms] [WARNING] The resource http://localhost:3100/_next/static/media/22a5144ee8d83bca-s.p.woff2?v=1791017616123 was preloaded using link preload but not used within a few seconds from the window's load event. Please make sure it has an appropriate `as` value and it is preloaded intentionally. @ http://localhost:3100/:0
[  471145ms] [WARNING] The resource http://localhost:3100/_next/static/media/7d4881bb7e1bf84d-s.p.woff2?v=1791017616123 was preloaded using link preload but not used within a few seconds from the window's load event. Please make sure it has an appropriate `as` value and it is preloaded intentionally. @ http://localhost:3100/:0
[  564669ms] [LOG] [Fast Refresh] rebuilding @ webpack-internal:///(app-pages-browser)/./node_modules/next/dist/next-devtools/shared/forward-logs-shared.js:44
[  566263ms] [LOG] [Fast Refresh] done in 1596ms @ webpack-internal:///(app-pages-browser)/./node_modules/next/dist/next-devtools/shared/forward-logs-shared.js:44
[  571995ms] [WARNING] The resource http://localhost:3100/_next/static/media/22a5144ee8d83bca-s.p.woff2?v=1791017616123 was preloaded using link preload but not used within a few seconds from the window's load event. Please make sure it has an appropriate `as` value and it is preloaded intentionally. @ http://localhost:3100/:0
[  571995ms] [WARNING] The resource http://localhost:3100/_next/static/media/7d4881bb7e1bf84d-s.p.woff2?v=1791017616123 was preloaded using link preload but not used within a few seconds from the window's load event. Please make sure it has an appropriate `as` value and it is preloaded intentionally. @ http://localhost:3100/:0
[  781425ms] [INFO] %cDownload the React DevTools for a better development experience: https://react.dev/link/react-devtools font-weight:bold @ webpack-internal:///(app-pages-browser)/./node_modules/next/dist/next-devtools/shared/forward-logs-shared.js:44
[  781673ms] [LOG] [HMR] connected @ webpack-internal:///(app-pages-browser)/./node_modules/next/dist/next-devtools/shared/forward-logs-shared.js:44
[  791601ms] [WARNING] The resource http://localhost:3100/_next/static/media/22a5144ee8d83bca-s.p.woff2?v=1791017960762 was preloaded using link preload but not used within a few seconds from the window's load event. Please make sure it has an appropriate `as` value and it is preloaded intentionally. @ http://localhost:3100/:0
[  791601ms] [WARNING] The resource http://localhost:3100/_next/static/media/7d4881bb7e1bf84d-s.p.woff2?v=1791017960762 was preloaded using link preload but not used within a few seconds from the window's load event. Please make sure it has an appropriate `as` value and it is preloaded intentionally. @ http://localhost:3100/:0
[  796905ms] [WARNING] The resource http://localhost:3100/_next/static/media/22a5144ee8d83bca-s.p.woff2?v=1791017960762 was preloaded using link preload but not used within a few seconds from the window's load event. Please make sure it has an appropriate `as` value and it is preloaded intentionally. @ http://localhost:3100/:0
[  796909ms] [WARNING] The resource http://localhost:3100/_next/static/media/7d4881bb7e1bf84d-s.p.woff2?v=1791017960762 was preloaded using link preload but not used within a few seconds from the window's load event. Please make sure it has an appropriate `as` value and it is preloaded intentionally. @ http://localhost:3100/:0
[  803140ms] [WARNING] The resource http://localhost:3100/_next/static/media/22a5144ee8d83bca-s.p.woff2?v=1791017960762 was preloaded using link preload but not used within a few seconds from the window's load event. Please make sure it has an appropriate `as` value and it is preloaded intentionally. @ http://localhost:3100/:0
[  803140ms] [WARNING] The resource http://localhost:3100/_next/static/media/7d4881bb7e1bf84d-s.p.woff2?v=1791017960762 was preloaded using link preload but not used within a few seconds from the window's load event. Please make sure it has an appropriate `as` value and it is preloaded intentionally. @ http://localhost:3100/:0
[  985160ms] [LOG] [Fast Refresh] rebuilding @ webpack-internal:///(app-pages-browser)/./node_modules/next/dist/next-devtools/shared/forward-logs-shared.js:44
[  987787ms] [LOG] [Fast Refresh] done in 2628ms @ webpack-internal:///(app-pages-browser)/./node_modules/next/dist/next-devtools/shared/forward-logs-shared.js:44
[  992355ms] [WARNING] The resource http://localhost:3100/_next/static/media/22a5144ee8d83bca-s.p.woff2?v=1791017960762 was preloaded using link preload but not used within a few seconds from the window's load event. Please make sure it has an appropriate `as` value and it is preloaded intentionally. @ http://localhost:3100/:0
[  992356ms] [WARNING] The resource http://localhost:3100/_next/static/media/7d4881bb7e1bf84d-s.p.woff2?v=1791017960762 was preloaded using link preload but not used within a few seconds from the window's load event. Please make sure it has an appropriate `as` value and it is preloaded intentionally. @ http://localhost:3100/:0
[ 1048296ms] [LOG] [Fast Refresh] rebuilding @ webpack-internal:///(app-pages-browser)/./node_modules/next/dist/next-devtools/shared/forward-logs-shared.js:44
[ 1053319ms] [LOG] [Fast Refresh] done in 5023ms @ webpack-internal:///(app-pages-browser)/./node_modules/next/dist/next-devtools/shared/forward-logs-shared.js:44
[ 1060069ms] [WARNING] The resource http://localhost:3100/_next/static/media/22a5144ee8d83bca-s.p.woff2?v=1791017960762 was preloaded using link preload but not used within a few seconds from the window's load event. Please make sure it has an appropriate `as` value and it is preloaded intentionally. @ http://localhost:3100/:0
[ 1060070ms] [WARNING] The resource http://localhost:3100/_next/static/media/7d4881bb7e1bf84d-s.p.woff2?v=1791017960762 was preloaded using link preload but not used within a few seconds from the window's load event. Please make sure it has an appropriate `as` value and it is preloaded intentionally. @ http://localhost:3100/:0
[ 1113039ms] [INFO] %cDownload the React DevTools for a better development experience: https://react.dev/link/react-devtools font-weight:bold @ webpack-internal:///(app-pages-browser)/./node_modules/next/dist/next-devtools/shared/forward-logs-shared.js:44
[ 1113210ms] [LOG] [HMR] connected @ webpack-internal:///(app-pages-browser)/./node_modules/next/dist/next-devtools/shared/forward-logs-shared.js:44
[ 1126150ms] [WARNING] The resource http://localhost:3100/_next/static/media/7d4881bb7e1bf84d-s.p.woff2?v=1791018294397 was preloaded using link preload but not used within a few seconds from the window's load event. Please make sure it has an appropriate `as` value and it is preloaded intentionally. @ http://localhost:3100/:0
[ 1126150ms] [WARNING] The resource http://localhost:3100/_next/static/media/22a5144ee8d83bca-s.p.woff2?v=1791018294397 was preloaded using link preload but not used within a few seconds from the window's load event. Please make sure it has an appropriate `as` value and it is preloaded intentionally. @ http://localhost:3100/:0
[ 1591328ms] [LOG] [Fast Refresh] rebuilding @ webpack-internal:///(app-pages-browser)/./node_modules/next/dist/next-devtools/shared/forward-logs-shared.js:44
[ 1596591ms] [LOG] [Fast Refresh] rebuilding @ webpack-internal:///(app-pages-browser)/./node_modules/next/dist/next-devtools/shared/forward-logs-shared.js:44
[ 1598603ms] [LOG] [Fast Refresh] done in 2011ms @ webpack-internal:///(app-pages-browser)/./node_modules/next/dist/next-devtools/shared/forward-logs-shared.js:44
[ 1599518ms] [LOG] [Fast Refresh] done in 2926ms @ webpack-internal:///(app-pages-browser)/./node_modules/next/dist/next-devtools/shared/forward-logs-shared.js:44
[ 1607732ms] [WARNING] The resource http://localhost:3100/_next/static/media/7d4881bb7e1bf84d-s.p.woff2?v=1791018294397 was preloaded using link preload but not used within a few seconds from the window's load event. Please make sure it has an appropriate `as` value and it is preloaded intentionally. @ http://localhost:3100/:0
[ 1607732ms] [WARNING] The resource http://localhost:3100/_next/static/media/22a5144ee8d83bca-s.p.woff2?v=1791018294397 was preloaded using link preload but not used within a few seconds from the window's load event. Please make sure it has an appropriate `as` value and it is preloaded intentionally. @ http://localhost:3100/:0
[ 1629672ms] [INFO] %cDownload the React DevTools for a better development experience: https://react.dev/link/react-devtools font-weight:bold @ webpack-internal:///(app-pages-browser)/./node_modules/next/dist/next-devtools/shared/forward-logs-shared.js:44
[ 1630059ms] [LOG] [HMR] connected @ webpack-internal:///(app-pages-browser)/./node_modules/next/dist/next-devtools/shared/forward-logs-shared.js:44
[ 1638844ms] [WARNING] The resource http://localhost:3100/_next/static/media/22a5144ee8d83bca-s.p.woff2?v=1791018809076 was preloaded using link preload but not used within a few seconds from the window's load event. Please make sure it has an appropriate `as` value and it is preloaded intentionally. @ http://localhost:3100/:0
[ 1638844ms] [WARNING] The resource http://localhost:3100/_next/static/media/7d4881bb7e1bf84d-s.p.woff2?v=1791018809076 was preloaded using link preload but not used within a few seconds from the window's load event. Please make sure it has an appropriate `as` value and it is preloaded intentionally. @ http://localhost:3100/:0
[ 1642562ms] [WARNING] The resource http://localhost:3100/_next/static/media/22a5144ee8d83bca-s.p.woff2?v=1791018809076 was preloaded using link preload but not used within a few seconds from the window's load event. Please make sure it has an appropriate `as` value and it is preloaded intentionally. @ http://localhost:3100/:0
[ 1642564ms] [WARNING] The resource http://localhost:3100/_next/static/media/7d4881bb7e1bf84d-s.p.woff2?v=1791018809076 was preloaded using link preload but not used within a few seconds from the window's load event. Please make sure it has an appropriate `as` value and it is preloaded intentionally. @ http://localhost:3100/:0
[ 1662187ms] [INFO] %cDownload the React DevTools for a better development experience: https://react.dev/link/react-devtools font-weight:bold @ webpack-internal:///(app-pages-browser)/./node_modules/next/dist/next-devtools/shared/forward-logs-shared.js:44
[ 1662271ms] [LOG] [HMR] connected @ webpack-internal:///(app-pages-browser)/./node_modules/next/dist/next-devtools/shared/forward-logs-shared.js:44
[ 1671514ms] [WARNING] The resource http://localhost:3100/_next/static/media/22a5144ee8d83bca-s.p.woff2?v=1791018841448 was preloaded using link preload but not used within a few seconds from the window's load event. Please make sure it has an appropriate `as` value and it is preloaded intentionally. @ http://localhost:3100/:0
[ 1671514ms] [WARNING] The resource http://localhost:3100/_next/static/media/7d4881bb7e1bf84d-s.p.woff2?v=1791018841448 was preloaded using link preload but not used within a few seconds from the window's load event. Please make sure it has an appropriate `as` value and it is preloaded intentionally. @ http://localhost:3100/:0
[ 1717624ms] [INFO] %cDownload the React DevTools for a better development experience: https://react.dev/link/react-devtools font-weight:bold @ webpack-internal:///(app-pages-browser)/./node_modules/next/dist/next-devtools/shared/forward-logs-shared.js:44
[ 1717701ms] [LOG] [HMR] connected @ webpack-internal:///(app-pages-browser)/./node_modules/next/dist/next-devtools/shared/forward-logs-shared.js:44
[ 1724287ms] [WARNING] The resource http://localhost:3100/_next/static/media/7d4881bb7e1bf84d-s.p.woff2?v=1791018900890 was preloaded using link preload but not used within a few seconds from the window's load event. Please make sure it has an appropriate `as` value and it is preloaded intentionally. @ http://localhost:3100/:0
[ 1724287ms] [WARNING] The resource http://localhost:3100/_next/static/media/22a5144ee8d83bca-s.p.woff2?v=1791018900890 was preloaded using link preload but not used within a few seconds from the window's load event. Please make sure it has an appropriate `as` value and it is preloaded intentionally. @ http://localhost:3100/:0
[ 1773595ms] [INFO] %cDownload the React DevTools for a better development experience: https://react.dev/link/react-devtools font-weight:bold @ webpack-internal:///(app-pages-browser)/./node_modules/next/dist/next-devtools/shared/forward-logs-shared.js:44
[ 1773675ms] [LOG] [HMR] connected @ webpack-internal:///(app-pages-browser)/./node_modules/next/dist/next-devtools/shared/forward-logs-shared.js:44
[ 1781300ms] [WARNING] The resource http://localhost:3100/_next/static/media/22a5144ee8d83bca-s.p.woff2?v=1791018956927 was preloaded using link preload but not used within a few seconds from the window's load event. Please make sure it has an appropriate `as` value and it is preloaded intentionally. @ http://localhost:3100/:0
[ 1781300ms] [WARNING] The resource http://localhost:3100/_next/static/media/7d4881bb7e1bf84d-s.p.woff2?v=1791018956927 was preloaded using link preload but not used within a few seconds from the window's load event. Please make sure it has an appropriate `as` value and it is preloaded intentionally. @ http://localhost:3100/:0
