[   12815ms] [INFO] %cDownload the React DevTools for a better development experience: https://react.dev/link/react-devtools font-weight:bold @ webpack-internal:///(app-pages-browser)/./node_modules/next/dist/next-devtools/shared/forward-logs-shared.js:44
[   12949ms] [LOG] [HMR] connected @ webpack-internal:///(app-pages-browser)/./node_modules/next/dist/next-devtools/shared/forward-logs-shared.js:44
[   16903ms] [WARNING] The resource http://localhost:3100/_next/static/media/7d4881bb7e1bf84d-s.p.woff2?v=1791016331199 was preloaded using link preload but not used within a few seconds from the window's load event. Please make sure it has an appropriate `as` value and it is preloaded intentionally. @ http://localhost:3100/:0
[   16903ms] [WARNING] The resource http://localhost:3100/_next/static/media/22a5144ee8d83bca-s.p.woff2?v=1791016331199 was preloaded using link preload but not used within a few seconds from the window's load event. Please make sure it has an appropriate `as` value and it is preloaded intentionally. @ http://localhost:3100/:0
[   95272ms] [WARNING] The resource http://localhost:3100/_next/static/media/7d4881bb7e1bf84d-s.p.woff2?v=1791016331199 was preloaded using link preload but not used within a few seconds from the window's load event. Please make sure it has an appropriate `as` value and it is preloaded intentionally. @ http://localhost:3100/:0
[   95272ms] [WARNING] The resource http://localhost:3100/_next/static/media/22a5144ee8d83bca-s.p.woff2?v=1791016331199 was preloaded using link preload but not used within a few seconds from the window's load event. Please make sure it has an appropriate `as` value and it is preloaded intentionally. @ http://localhost:3100/:0
[  215413ms] [LOG] [Fast Refresh] rebuilding @ webpack-internal:///(app-pages-browser)/./node_modules/next/dist/next-devtools/shared/forward-logs-shared.js:44
[  216579ms] [LOG] [Fast Refresh] rebuilding @ webpack-internal:///(app-pages-browser)/./node_modules/next/dist/next-devtools/shared/forward-logs-shared.js:44
[  216927ms] [LOG] [Fast Refresh] done in 348ms @ webpack-internal:///(app-pages-browser)/./node_modules/next/dist/next-devtools/shared/forward-logs-shared.js:44
[  217500ms] [WARNING] [HMR] unexpected require((app-pages-browser)/./src/lib/mock/index.ts) from disposed module (app-pages-browser)/./src/lib/api.ts @ webpack-internal:///(app-pages-browser)/./node_modules/next/dist/next-devtools/shared/forward-logs-shared.js:44
[  217944ms] [LOG] [Fast Refresh] done in 1365ms @ webpack-internal:///(app-pages-browser)/./node_modules/next/dist/next-devtools/shared/forward-logs-shared.js:44
[  219499ms] [WARNING] [HMR] unexpected require((app-pages-browser)/./src/lib/mock/index.ts) from disposed module (app-pages-browser)/./src/lib/api.ts @ webpack-internal:///(app-pages-browser)/./node_modules/next/dist/next-devtools/shared/forward-logs-shared.js:44
[  221206ms] [WARNING] The resource http://localhost:3100/_next/static/media/7d4881bb7e1bf84d-s.p.woff2?v=1791016331199 was preloaded using link preload but not used within a few seconds from the window's load event. Please make sure it has an appropriate `as` value and it is preloaded intentionally. @ http://localhost:3100/:0
[  221206ms] [WARNING] The resource http://localhost:3100/_next/static/media/22a5144ee8d83bca-s.p.woff2?v=1791016331199 was preloaded using link preload but not used within a few seconds from the window's load event. Please make sure it has an appropriate `as` value and it is preloaded intentionally. @ http://localhost:3100/:0
[  221499ms] [WARNING] [HMR] unexpected require((app-pages-browser)/./src/lib/mock/index.ts) from disposed module (app-pages-browser)/./src/lib/api.ts @ webpack-internal:///(app-pages-browser)/./node_modules/next/dist/next-devtools/shared/forward-logs-shared.js:44
[  223224ms] [WARNING] [HMR] unexpected require((app-pages-browser)/./src/lib/mock/index.ts) from disposed module (app-pages-browser)/./src/lib/api.ts @ webpack-internal:///(app-pages-browser)/./node_modules/next/dist/next-devtools/shared/forward-logs-shared.js:44
[  223224ms] [WARNING] [HMR] unexpected require((app-pages-browser)/./src/lib/mock/index.ts) from disposed module (app-pages-browser)/./src/lib/api.ts @ webpack-internal:///(app-pages-browser)/./node_modules/next/dist/next-devtools/shared/forward-logs-shared.js:44
[  223511ms] [WARNING] [HMR] unexpected require((app-pages-browser)/./src/lib/mock/index.ts) from disposed module (app-pages-browser)/./src/lib/api.ts @ webpack-internal:///(app-pages-browser)/./node_modules/next/dist/next-devtools/shared/forward-logs-shared.js:44
[  225499ms] [WARNING] [HMR] unexpected require((app-pages-browser)/./src/lib/mock/index.ts) from disposed module (app-pages-browser)/./src/lib/api.ts @ webpack-internal:///(app-pages-browser)/./node_modules/next/dist/next-devtools/shared/forward-logs-shared.js:44
[  226381ms] [WARNING] The resource http://localhost:3100/_next/static/media/7d4881bb7e1bf84d-s.p.woff2?v=1791016331199 was preloaded using link preload but not used within a few seconds from the window's load event. Please make sure it has an appropriate `as` value and it is preloaded intentionally. @ http://localhost:3100/:0
[  226381ms] [WARNING] The resource http://localhost:3100/_next/static/media/22a5144ee8d83bca-s.p.woff2?v=1791016331199 was preloaded using link preload but not used within a few seconds from the window's load event. Please make sure it has an appropriate `as` value and it is preloaded intentionally. @ http://localhost:3100/:0
[  227499ms] [WARNING] [HMR] unexpected require((app-pages-browser)/./src/lib/mock/index.ts) from disposed module (app-pages-browser)/./src/lib/api.ts @ webpack-internal:///(app-pages-browser)/./node_modules/next/dist/next-devtools/shared/forward-logs-shared.js:44
[  229501ms] [WARNING] [HMR] unexpected require((app-pages-browser)/./src/lib/mock/index.ts) from disposed module (app-pages-browser)/./src/lib/api.ts @ webpack-internal:///(app-pages-browser)/./node_modules/next/dist/next-devtools/shared/forward-logs-shared.js:44
[  231499ms] [WARNING] [HMR] unexpected require((app-pages-browser)/./src/lib/mock/index.ts) from disposed module (app-pages-browser)/./src/lib/api.ts @ webpack-internal:///(app-pages-browser)/./node_modules/next/dist/next-devtools/shared/forward-logs-shared.js:44
[  233224ms] [WARNING] [HMR] unexpected require((app-pages-browser)/./src/lib/mock/index.ts) from disposed module (app-pages-browser)/./src/lib/api.ts @ webpack-internal:///(app-pages-browser)/./node_modules/next/dist/next-devtools/shared/forward-logs-shared.js:44
[  233224ms] [WARNING] [HMR] unexpected require((app-pages-browser)/./src/lib/mock/index.ts) from disposed module (app-pages-browser)/./src/lib/api.ts @ webpack-internal:///(app-pages-browser)/./node_modules/next/dist/next-devtools/shared/forward-logs-shared.js:44
[  233499ms] [WARNING] [HMR] unexpected require((app-pages-browser)/./src/lib/mock/index.ts) from disposed module (app-pages-browser)/./src/lib/api.ts @ webpack-internal:///(app-pages-browser)/./node_modules/next/dist/next-devtools/shared/forward-logs-shared.js:44
[  235499ms] [WARNING] [HMR] unexpected require((app-pages-browser)/./src/lib/mock/index.ts) from disposed module (app-pages-browser)/./src/lib/api.ts @ webpack-internal:///(app-pages-browser)/./node_modules/next/dist/next-devtools/shared/forward-logs-shared.js:44
[  237500ms] [WARNING] [HMR] unexpected require((app-pages-browser)/./src/lib/mock/index.ts) from disposed module (app-pages-browser)/./src/lib/api.ts @ webpack-internal:///(app-pages-browser)/./node_modules/next/dist/next-devtools/shared/forward-logs-shared.js:44
[  239499ms] [WARNING] [HMR] unexpected require((app-pages-browser)/./src/lib/mock/index.ts) from disposed module (app-pages-browser)/./src/lib/api.ts @ webpack-internal:///(app-pages-browser)/./node_modules/next/dist/next-devtools/shared/forward-logs-shared.js:44
[  241499ms] [WARNING] [HMR] unexpected require((app-pages-browser)/./src/lib/mock/index.ts) from disposed module (app-pages-browser)/./src/lib/api.ts @ webpack-internal:///(app-pages-browser)/./node_modules/next/dist/next-devtools/shared/forward-logs-shared.js:44
[  243223ms] [WARNING] [HMR] unexpected require((app-pages-browser)/./src/lib/mock/index.ts) from disposed module (app-pages-browser)/./src/lib/api.ts @ webpack-internal:///(app-pages-browser)/./node_modules/next/dist/next-devtools/shared/forward-logs-shared.js:44
[  243224ms] [WARNING] [HMR] unexpected require((app-pages-browser)/./src/lib/mock/index.ts) from disposed module (app-pages-browser)/./src/lib/api.ts @ webpack-internal:///(app-pages-browser)/./node_modules/next/dist/next-devtools/shared/forward-logs-shared.js:44
[  243499ms] [WARNING] [HMR] unexpected require((app-pages-browser)/./src/lib/mock/index.ts) from disposed module (app-pages-browser)/./src/lib/api.ts @ webpack-internal:///(app-pages-browser)/./node_modules/next/dist/next-devtools/shared/forward-logs-shared.js:44
[  245499ms] [WARNING] [HMR] unexpected require((app-pages-browser)/./src/lib/mock/index.ts) from disposed module (app-pages-browser)/./src/lib/api.ts @ webpack-internal:///(app-pages-browser)/./node_modules/next/dist/next-devtools/shared/forward-logs-shared.js:44
[  247499ms] [WARNING] [HMR] unexpected require((app-pages-browser)/./src/lib/mock/index.ts) from disposed module (app-pages-browser)/./src/lib/api.ts @ webpack-internal:///(app-pages-browser)/./node_modules/next/dist/next-devtools/shared/forward-logs-shared.js:44
[  249499ms] [WARNING] [HMR] unexpected require((app-pages-browser)/./src/lib/mock/index.ts) from disposed module (app-pages-browser)/./src/lib/api.ts @ webpack-internal:///(app-pages-browser)/./node_modules/next/dist/next-devtools/shared/forward-logs-shared.js:44
[  251499ms] [WARNING] [HMR] unexpected require((app-pages-browser)/./src/lib/mock/index.ts) from disposed module (app-pages-browser)/./src/lib/api.ts @ webpack-internal:///(app-pages-browser)/./node_modules/next/dist/next-devtools/shared/forward-logs-shared.js:44
[  253223ms] [WARNING] [HMR] unexpected require((app-pages-browser)/./src/lib/mock/index.ts) from disposed module (app-pages-browser)/./src/lib/api.ts @ webpack-internal:///(app-pages-browser)/./node_modules/next/dist/next-devtools/shared/forward-logs-shared.js:44
[  253224ms] [WARNING] [HMR] unexpected require((app-pages-browser)/./src/lib/mock/index.ts) from disposed module (app-pages-browser)/./src/lib/api.ts @ webpack-internal:///(app-pages-browser)/./node_modules/next/dist/next-devtools/shared/forward-logs-shared.js:44
[  253499ms] [WARNING] [HMR] unexpected require((app-pages-browser)/./src/lib/mock/index.ts) from disposed module (app-pages-browser)/./src/lib/api.ts @ webpack-internal:///(app-pages-browser)/./node_modules/next/dist/next-devtools/shared/forward-logs-shared.js:44
[  255499ms] [WARNING] [HMR] unexpected require((app-pages-browser)/./src/lib/mock/index.ts) from disposed module (app-pages-browser)/./src/lib/api.ts @ webpack-internal:///(app-pages-browser)/./node_modules/next/dist/next-devtools/shared/forward-logs-shared.js:44
[  257499ms] [WARNING] [HMR] unexpected require((app-pages-browser)/./src/lib/mock/index.ts) from disposed module (app-pages-browser)/./src/lib/api.ts @ webpack-internal:///(app-pages-browser)/./node_modules/next/dist/next-devtools/shared/forward-logs-shared.js:44
[  259499ms] [WARNING] [HMR] unexpected require((app-pages-browser)/./src/lib/mock/index.ts) from disposed module (app-pages-browser)/./src/lib/api.ts @ webpack-internal:///(app-pages-browser)/./node_modules/next/dist/next-devtools/shared/forward-logs-shared.js:44
[  261499ms] [WARNING] [HMR] unexpected require((app-pages-browser)/./src/lib/mock/index.ts) from disposed module (app-pages-browser)/./src/lib/api.ts @ webpack-internal:///(app-pages-browser)/./node_modules/next/dist/next-devtools/shared/forward-logs-shared.js:44
[  263223ms] [WARNING] [HMR] unexpected require((app-pages-browser)/./src/lib/mock/index.ts) from disposed module (app-pages-browser)/./src/lib/api.ts @ webpack-internal:///(app-pages-browser)/./node_modules/next/dist/next-devtools/shared/forward-logs-shared.js:44
[  263224ms] [WARNING] [HMR] unexpected require((app-pages-browser)/./src/lib/mock/index.ts) from disposed module (app-pages-browser)/./src/lib/api.ts @ webpack-internal:///(app-pages-browser)/./node_modules/next/dist/next-devtools/shared/forward-logs-shared.js:44
[  263499ms] [WARNING] [HMR] unexpected require((app-pages-browser)/./src/lib/mock/index.ts) from disposed module (app-pages-browser)/./src/lib/api.ts @ webpack-internal:///(app-pages-browser)/./node_modules/next/dist/next-devtools/shared/forward-logs-shared.js:44
[  265499ms] [WARNING] [HMR] unexpected require((app-pages-browser)/./src/lib/mock/index.ts) from disposed module (app-pages-browser)/./src/lib/api.ts @ webpack-internal:///(app-pages-browser)/./node_modules/next/dist/next-devtools/shared/forward-logs-shared.js:44
[  267499ms] [WARNING] [HMR] unexpected require((app-pages-browser)/./src/lib/mock/index.ts) from disposed module (app-pages-browser)/./src/lib/api.ts @ webpack-internal:///(app-pages-browser)/./node_modules/next/dist/next-devtools/shared/forward-logs-shared.js:44
[  269499ms] [WARNING] [HMR] unexpected require((app-pages-browser)/./src/lib/mock/index.ts) from disposed module (app-pages-browser)/./src/lib/api.ts @ webpack-internal:///(app-pages-browser)/./node_modules/next/dist/next-devtools/shared/forward-logs-shared.js:44
[  271499ms] [WARNING] [HMR] unexpected require((app-pages-browser)/./src/lib/mock/index.ts) from disposed module (app-pages-browser)/./src/lib/api.ts @ webpack-internal:///(app-pages-browser)/./node_modules/next/dist/next-devtools/shared/forward-logs-shared.js:44
[  273226ms] [WARNING] [HMR] unexpected require((app-pages-browser)/./src/lib/mock/index.ts) from disposed module (app-pages-browser)/./src/lib/api.ts @ webpack-internal:///(app-pages-browser)/./node_modules/next/dist/next-devtools/shared/forward-logs-shared.js:44
[  273227ms] [WARNING] [HMR] unexpected require((app-pages-browser)/./src/lib/mock/index.ts) from disposed module (app-pages-browser)/./src/lib/api.ts @ webpack-internal:///(app-pages-browser)/./node_modules/next/dist/next-devtools/shared/forward-logs-shared.js:44
[  273499ms] [WARNING] [HMR] unexpected require((app-pages-browser)/./src/lib/mock/index.ts) from disposed module (app-pages-browser)/./src/lib/api.ts @ webpack-internal:///(app-pages-browser)/./node_modules/next/dist/next-devtools/shared/forward-logs-shared.js:44
[  275499ms] [WARNING] [HMR] unexpected require((app-pages-browser)/./src/lib/mock/index.ts) from disposed module (app-pages-browser)/./src/lib/api.ts @ webpack-internal:///(app-pages-browser)/./node_modules/next/dist/next-devtools/shared/forward-logs-shared.js:44
[  277506ms] [WARNING] [HMR] unexpected require((app-pages-browser)/./src/lib/mock/index.ts) from disposed module (app-pages-browser)/./src/lib/api.ts @ webpack-internal:///(app-pages-browser)/./node_modules/next/dist/next-devtools/shared/forward-logs-shared.js:44
[  279499ms] [WARNING] [HMR] unexpected require((app-pages-browser)/./src/lib/mock/index.ts) from disposed module (app-pages-browser)/./src/lib/api.ts @ webpack-internal:///(app-pages-browser)/./node_modules/next/dist/next-devtools/shared/forward-logs-shared.js:44
[  281499ms] [WARNING] [HMR] unexpected require((app-pages-browser)/./src/lib/mock/index.ts) from disposed module (app-pages-browser)/./src/lib/api.ts @ webpack-internal:///(app-pages-browser)/./node_modules/next/dist/next-devtools/shared/forward-logs-shared.js:44
[  283224ms] [WARNING] [HMR] unexpected require((app-pages-browser)/./src/lib/mock/index.ts) from disposed module (app-pages-browser)/./src/lib/api.ts @ webpack-internal:///(app-pages-browser)/./node_modules/next/dist/next-devtools/shared/forward-logs-shared.js:44
[  283226ms] [WARNING] [HMR] unexpected require((app-pages-browser)/./src/lib/mock/index.ts) from disposed module (app-pages-browser)/./src/lib/api.ts @ webpack-internal:///(app-pages-browser)/./node_modules/next/dist/next-devtools/shared/forward-logs-shared.js:44
[  283548ms] [WARNING] [HMR] unexpected require((app-pages-browser)/./src/lib/mock/index.ts) from disposed module (app-pages-browser)/./src/lib/api.ts @ webpack-internal:///(app-pages-browser)/./node_modules/next/dist/next-devtools/shared/forward-logs-shared.js:44
[  285499ms] [WARNING] [HMR] unexpected require((app-pages-browser)/./src/lib/mock/index.ts) from disposed module (app-pages-browser)/./src/lib/api.ts @ webpack-internal:///(app-pages-browser)/./node_modules/next/dist/next-devtools/shared/forward-logs-shared.js:44
[  287499ms] [WARNING] [HMR] unexpected require((app-pages-browser)/./src/lib/mock/index.ts) from disposed module (app-pages-browser)/./src/lib/api.ts @ webpack-internal:///(app-pages-browser)/./node_modules/next/dist/next-devtools/shared/forward-logs-shared.js:44
[  289499ms] [WARNING] [HMR] unexpected require((app-pages-browser)/./src/lib/mock/index.ts) from disposed module (app-pages-browser)/./src/lib/api.ts @ webpack-internal:///(app-pages-browser)/./node_modules/next/dist/next-devtools/shared/forward-logs-shared.js:44
[  291499ms] [WARNING] [HMR] unexpected require((app-pages-browser)/./src/lib/mock/index.ts) from disposed module (app-pages-browser)/./src/lib/api.ts @ webpack-internal:///(app-pages-browser)/./node_modules/next/dist/next-devtools/shared/forward-logs-shared.js:44
[  292579ms] [LOG] [Fast Refresh] rebuilding @ webpack-internal:///(app-pages-browser)/./node_modules/next/dist/next-devtools/shared/forward-logs-shared.js:44
[  293223ms] [WARNING] [HMR] unexpected require((app-pages-browser)/./src/lib/mock/index.ts) from disposed module (app-pages-browser)/./src/lib/api.ts @ webpack-internal:///(app-pages-browser)/./node_modules/next/dist/next-devtools/shared/forward-logs-shared.js:44
[  293224ms] [WARNING] [HMR] unexpected require((app-pages-browser)/./src/lib/mock/index.ts) from disposed module (app-pages-browser)/./src/lib/api.ts @ webpack-internal:///(app-pages-browser)/./node_modules/next/dist/next-devtools/shared/forward-logs-shared.js:44
[  293618ms] [WARNING] [HMR] unexpected require((app-pages-browser)/./src/lib/mock/index.ts) from disposed module (app-pages-browser)/./src/lib/api.ts @ webpack-internal:///(app-pages-browser)/./node_modules/next/dist/next-devtools/shared/forward-logs-shared.js:44
[  295286ms] [LOG] [Fast Refresh] done in 2708ms @ webpack-internal:///(app-pages-browser)/./node_modules/next/dist/next-devtools/shared/forward-logs-shared.js:44
[  295583ms] [WARNING] [HMR] unexpected require((app-pages-browser)/./src/lib/mock/index.ts) from disposed module (app-pages-browser)/./src/lib/api.ts @ webpack-internal:///(app-pages-browser)/./node_modules/next/dist/next-devtools/shared/forward-logs-shared.js:44
[  297499ms] [WARNING] [HMR] unexpected require((app-pages-browser)/./src/lib/mock/index.ts) from disposed module (app-pages-browser)/./src/lib/api.ts @ webpack-internal:///(app-pages-browser)/./node_modules/next/dist/next-devtools/shared/forward-logs-shared.js:44
[  298599ms] [WARNING] The resource http://localhost:3100/_next/static/media/7d4881bb7e1bf84d-s.p.woff2?v=1791016331199 was preloaded using link preload but not used within a few seconds from the window's load event. Please make sure it has an appropriate `as` value and it is preloaded intentionally. @ http://localhost:3100/:0
[  298599ms] [WARNING] The resource http://localhost:3100/_next/static/media/22a5144ee8d83bca-s.p.woff2?v=1791016331199 was preloaded using link preload but not used within a few seconds from the window's load event. Please make sure it has an appropriate `as` value and it is preloaded intentionally. @ http://localhost:3100/:0
[  299499ms] [WARNING] [HMR] unexpected require((app-pages-browser)/./src/lib/mock/index.ts) from disposed module (app-pages-browser)/./src/lib/api.ts @ webpack-internal:///(app-pages-browser)/./node_modules/next/dist/next-devtools/shared/forward-logs-shared.js:44
[  301499ms] [WARNING] [HMR] unexpected require((app-pages-browser)/./src/lib/mock/index.ts) from disposed module (app-pages-browser)/./src/lib/api.ts @ webpack-internal:///(app-pages-browser)/./node_modules/next/dist/next-devtools/shared/forward-logs-shared.js:44
[  303224ms] [WARNING] [HMR] unexpected require((app-pages-browser)/./src/lib/mock/index.ts) from disposed module (app-pages-browser)/./src/lib/api.ts @ webpack-internal:///(app-pages-browser)/./node_modules/next/dist/next-devtools/shared/forward-logs-shared.js:44
[  303224ms] [WARNING] [HMR] unexpected require((app-pages-browser)/./src/lib/mock/index.ts) from disposed module (app-pages-browser)/./src/lib/api.ts @ webpack-internal:///(app-pages-browser)/./node_modules/next/dist/next-devtools/shared/forward-logs-shared.js:44
[  303499ms] [WARNING] [HMR] unexpected require((app-pages-browser)/./src/lib/mock/index.ts) from disposed module (app-pages-browser)/./src/lib/api.ts @ webpack-internal:///(app-pages-browser)/./node_modules/next/dist/next-devtools/shared/forward-logs-shared.js:44
[  305499ms] [WARNING] [HMR] unexpected require((app-pages-browser)/./src/lib/mock/index.ts) from disposed module (app-pages-browser)/./src/lib/api.ts @ webpack-internal:///(app-pages-browser)/./node_modules/next/dist/next-devtools/shared/forward-logs-shared.js:44
[  307499ms] [WARNING] [HMR] unexpected require((app-pages-browser)/./src/lib/mock/index.ts) from disposed module (app-pages-browser)/./src/lib/api.ts @ webpack-internal:///(app-pages-browser)/./node_modules/next/dist/next-devtools/shared/forward-logs-shared.js:44
[  309499ms] [WARNING] [HMR] unexpected require((app-pages-browser)/./src/lib/mock/index.ts) from disposed module (app-pages-browser)/./src/lib/api.ts @ webpack-internal:///(app-pages-browser)/./node_modules/next/dist/next-devtools/shared/forward-logs-shared.js:44
[  311501ms] [WARNING] [HMR] unexpected require((app-pages-browser)/./src/lib/mock/index.ts) from disposed module (app-pages-browser)/./src/lib/api.ts @ webpack-internal:///(app-pages-browser)/./node_modules/next/dist/next-devtools/shared/forward-logs-shared.js:44
[  313223ms] [WARNING] [HMR] unexpected require((app-pages-browser)/./src/lib/mock/index.ts) from disposed module (app-pages-browser)/./src/lib/api.ts @ webpack-internal:///(app-pages-browser)/./node_modules/next/dist/next-devtools/shared/forward-logs-shared.js:44
[  313224ms] [WARNING] [HMR] unexpected require((app-pages-browser)/./src/lib/mock/index.ts) from disposed module (app-pages-browser)/./src/lib/api.ts @ webpack-internal:///(app-pages-browser)/./node_modules/next/dist/next-devtools/shared/forward-logs-shared.js:44
[  313499ms] [WARNING] [HMR] unexpected require((app-pages-browser)/./src/lib/mock/index.ts) from disposed module (app-pages-browser)/./src/lib/api.ts @ webpack-internal:///(app-pages-browser)/./node_modules/next/dist/next-devtools/shared/forward-logs-shared.js:44
[  315499ms] [WARNING] [HMR] unexpected require((app-pages-browser)/./src/lib/mock/index.ts) from disposed module (app-pages-browser)/./src/lib/api.ts @ webpack-internal:///(app-pages-browser)/./node_modules/next/dist/next-devtools/shared/forward-logs-shared.js:44
[  317499ms] [WARNING] [HMR] unexpected require((app-pages-browser)/./src/lib/mock/index.ts) from disposed module (app-pages-browser)/./src/lib/api.ts @ webpack-internal:///(app-pages-browser)/./node_modules/next/dist/next-devtools/shared/forward-logs-shared.js:44
[  319499ms] [WARNING] [HMR] unexpected require((app-pages-browser)/./src/lib/mock/index.ts) from disposed module (app-pages-browser)/./src/lib/api.ts @ webpack-internal:///(app-pages-browser)/./node_modules/next/dist/next-devtools/shared/forward-logs-shared.js:44
[  321500ms] [WARNING] [HMR] unexpected require((app-pages-browser)/./src/lib/mock/index.ts) from disposed module (app-pages-browser)/./src/lib/api.ts @ webpack-internal:///(app-pages-browser)/./node_modules/next/dist/next-devtools/shared/forward-logs-shared.js:44
[  323224ms] [WARNING] [HMR] unexpected require((app-pages-browser)/./src/lib/mock/index.ts) from disposed module (app-pages-browser)/./src/lib/api.ts @ webpack-internal:///(app-pages-browser)/./node_modules/next/dist/next-devtools/shared/forward-logs-shared.js:44
[  323224ms] [WARNING] [HMR] unexpected require((app-pages-browser)/./src/lib/mock/index.ts) from disposed module (app-pages-browser)/./src/lib/api.ts @ webpack-internal:///(app-pages-browser)/./node_modules/next/dist/next-devtools/shared/forward-logs-shared.js:44
[  323499ms] [WARNING] [HMR] unexpected require((app-pages-browser)/./src/lib/mock/index.ts) from disposed module (app-pages-browser)/./src/lib/api.ts @ webpack-internal:///(app-pages-browser)/./node_modules/next/dist/next-devtools/shared/forward-logs-shared.js:44
[  325500ms] [WARNING] [HMR] unexpected require((app-pages-browser)/./src/lib/mock/index.ts) from disposed module (app-pages-browser)/./src/lib/api.ts @ webpack-internal:///(app-pages-browser)/./node_modules/next/dist/next-devtools/shared/forward-logs-shared.js:44
[  327499ms] [WARNING] [HMR] unexpected require((app-pages-browser)/./src/lib/mock/index.ts) from disposed module (app-pages-browser)/./src/lib/api.ts @ webpack-internal:///(app-pages-browser)/./node_modules/next/dist/next-devtools/shared/forward-logs-shared.js:44
[  329499ms] [WARNING] [HMR] unexpected require((app-pages-browser)/./src/lib/mock/index.ts) from disposed module (app-pages-browser)/./src/lib/api.ts @ webpack-internal:///(app-pages-browser)/./node_modules/next/dist/next-devtools/shared/forward-logs-shared.js:44
[  331499ms] [WARNING] [HMR] unexpected require((app-pages-browser)/./src/lib/mock/index.ts) from disposed module (app-pages-browser)/./src/lib/api.ts @ webpack-internal:///(app-pages-browser)/./node_modules/next/dist/next-devtools/shared/forward-logs-shared.js:44
[  333223ms] [WARNING] [HMR] unexpected require((app-pages-browser)/./src/lib/mock/index.ts) from disposed module (app-pages-browser)/./src/lib/api.ts @ webpack-internal:///(app-pages-browser)/./node_modules/next/dist/next-devtools/shared/forward-logs-shared.js:44
[  333224ms] [WARNING] [HMR] unexpected require((app-pages-browser)/./src/lib/mock/index.ts) from disposed module (app-pages-browser)/./src/lib/api.ts @ webpack-internal:///(app-pages-browser)/./node_modules/next/dist/next-devtools/shared/forward-logs-shared.js:44
[  333499ms] [WARNING] [HMR] unexpected require((app-pages-browser)/./src/lib/mock/index.ts) from disposed module (app-pages-browser)/./src/lib/api.ts @ webpack-internal:///(app-pages-browser)/./node_modules/next/dist/next-devtools/shared/forward-logs-shared.js:44
[  335499ms] [WARNING] [HMR] unexpected require((app-pages-browser)/./src/lib/mock/index.ts) from disposed module (app-pages-browser)/./src/lib/api.ts @ webpack-internal:///(app-pages-browser)/./node_modules/next/dist/next-devtools/shared/forward-logs-shared.js:44
[  337499ms] [WARNING] [HMR] unexpected require((app-pages-browser)/./src/lib/mock/index.ts) from disposed module (app-pages-browser)/./src/lib/api.ts @ webpack-internal:///(app-pages-browser)/./node_modules/next/dist/next-devtools/shared/forward-logs-shared.js:44
[  339499ms] [WARNING] [HMR] unexpected require((app-pages-browser)/./src/lib/mock/index.ts) from disposed module (app-pages-browser)/./src/lib/api.ts @ webpack-internal:///(app-pages-browser)/./node_modules/next/dist/next-devtools/shared/forward-logs-shared.js:44
[  341499ms] [WARNING] [HMR] unexpected require((app-pages-browser)/./src/lib/mock/index.ts) from disposed module (app-pages-browser)/./src/lib/api.ts @ webpack-internal:///(app-pages-browser)/./node_modules/next/dist/next-devtools/shared/forward-logs-shared.js:44
[  343224ms] [WARNING] [HMR] unexpected require((app-pages-browser)/./src/lib/mock/index.ts) from disposed module (app-pages-browser)/./src/lib/api.ts @ webpack-internal:///(app-pages-browser)/./node_modules/next/dist/next-devtools/shared/forward-logs-shared.js:44
[  343224ms] [WARNING] [HMR] unexpected require((app-pages-browser)/./src/lib/mock/index.ts) from disposed module (app-pages-browser)/./src/lib/api.ts @ webpack-internal:///(app-pages-browser)/./node_modules/next/dist/next-devtools/shared/forward-logs-shared.js:44
[  343499ms] [WARNING] [HMR] unexpected require((app-pages-browser)/./src/lib/mock/index.ts) from disposed module (app-pages-browser)/./src/lib/api.ts @ webpack-internal:///(app-pages-browser)/./node_modules/next/dist/next-devtools/shared/forward-logs-shared.js:44
[  345499ms] [WARNING] [HMR] unexpected require((app-pages-browser)/./src/lib/mock/index.ts) from disposed module (app-pages-browser)/./src/lib/api.ts @ webpack-internal:///(app-pages-browser)/./node_modules/next/dist/next-devtools/shared/forward-logs-shared.js:44
[  347499ms] [WARNING] [HMR] unexpected require((app-pages-browser)/./src/lib/mock/index.ts) from disposed module (app-pages-browser)/./src/lib/api.ts @ webpack-internal:///(app-pages-browser)/./node_modules/next/dist/next-devtools/shared/forward-logs-shared.js:44
[  349499ms] [WARNING] [HMR] unexpected require((app-pages-browser)/./src/lib/mock/index.ts) from disposed module (app-pages-browser)/./src/lib/api.ts @ webpack-internal:///(app-pages-browser)/./node_modules/next/dist/next-devtools/shared/forward-logs-shared.js:44
[  351155ms] [LOG] [Fast Refresh] rebuilding @ webpack-internal:///(app-pages-browser)/./node_modules/next/dist/next-devtools/shared/forward-logs-shared.js:44
[  351499ms] [WARNING] [HMR] unexpected require((app-pages-browser)/./src/lib/mock/index.ts) from disposed module (app-pages-browser)/./src/lib/api.ts @ webpack-internal:///(app-pages-browser)/./node_modules/next/dist/next-devtools/shared/forward-logs-shared.js:44
[  352411ms] [LOG] [Fast Refresh] rebuilding @ webpack-internal:///(app-pages-browser)/./node_modules/next/dist/next-devtools/shared/forward-logs-shared.js:44
[  353224ms] [WARNING] [HMR] unexpected require((app-pages-browser)/./src/lib/mock/index.ts) from disposed module (app-pages-browser)/./src/lib/api.ts @ webpack-internal:///(app-pages-browser)/./node_modules/next/dist/next-devtools/shared/forward-logs-shared.js:44
[  353228ms] [WARNING] [HMR] unexpected require((app-pages-browser)/./src/lib/mock/index.ts) from disposed module (app-pages-browser)/./src/lib/api.ts @ webpack-internal:///(app-pages-browser)/./node_modules/next/dist/next-devtools/shared/forward-logs-shared.js:44
[  353580ms] [WARNING] [HMR] unexpected require((app-pages-browser)/./src/lib/mock/index.ts) from disposed module (app-pages-browser)/./src/lib/api.ts @ webpack-internal:///(app-pages-browser)/./node_modules/next/dist/next-devtools/shared/forward-logs-shared.js:44
[  353585ms] [LOG] [Fast Refresh] done in 1175ms @ webpack-internal:///(app-pages-browser)/./node_modules/next/dist/next-devtools/shared/forward-logs-shared.js:44
[  353866ms] [LOG] [Fast Refresh] done in 1456ms @ webpack-internal:///(app-pages-browser)/./node_modules/next/dist/next-devtools/shared/forward-logs-shared.js:44
[  355499ms] [WARNING] [HMR] unexpected require((app-pages-browser)/./src/lib/mock/index.ts) from disposed module (app-pages-browser)/./src/lib/api.ts @ webpack-internal:///(app-pages-browser)/./node_modules/next/dist/next-devtools/shared/forward-logs-shared.js:44
[  357377ms] [WARNING] The resource http://localhost:3100/_next/static/media/7d4881bb7e1bf84d-s.p.woff2?v=1791016331199 was preloaded using link preload but not used within a few seconds from the window's load event. Please make sure it has an appropriate `as` value and it is preloaded intentionally. @ http://localhost:3100/:0
[  357377ms] [WARNING] The resource http://localhost:3100/_next/static/media/22a5144ee8d83bca-s.p.woff2?v=1791016331199 was preloaded using link preload but not used within a few seconds from the window's load event. Please make sure it has an appropriate `as` value and it is preloaded intentionally. @ http://localhost:3100/:0
[  357377ms] [WARNING] The resource http://localhost:3100/_next/static/css/app/layout.css?v=1791016673429 was preloaded using link preload but not used within a few seconds from the window's load event. Please make sure it has an appropriate `as` value and it is preloaded intentionally. @ http://localhost:3100/:0
[  357499ms] [WARNING] [HMR] unexpected require((app-pages-browser)/./src/lib/mock/index.ts) from disposed module (app-pages-browser)/./src/lib/api.ts @ webpack-internal:///(app-pages-browser)/./node_modules/next/dist/next-devtools/shared/forward-logs-shared.js:44
[  359499ms] [WARNING] [HMR] unexpected require((app-pages-browser)/./src/lib/mock/index.ts) from disposed module (app-pages-browser)/./src/lib/api.ts @ webpack-internal:///(app-pages-browser)/./node_modules/next/dist/next-devtools/shared/forward-logs-shared.js:44
[  361499ms] [WARNING] [HMR] unexpected require((app-pages-browser)/./src/lib/mock/index.ts) from disposed module (app-pages-browser)/./src/lib/api.ts @ webpack-internal:///(app-pages-browser)/./node_modules/next/dist/next-devtools/shared/forward-logs-shared.js:44
[  363224ms] [WARNING] [HMR] unexpected require((app-pages-browser)/./src/lib/mock/index.ts) from disposed module (app-pages-browser)/./src/lib/api.ts @ webpack-internal:///(app-pages-browser)/./node_modules/next/dist/next-devtools/shared/forward-logs-shared.js:44
[  363224ms] [WARNING] [HMR] unexpected require((app-pages-browser)/./src/lib/mock/index.ts) from disposed module (app-pages-browser)/./src/lib/api.ts @ webpack-internal:///(app-pages-browser)/./node_modules/next/dist/next-devtools/shared/forward-logs-shared.js:44
[  363499ms] [WARNING] [HMR] unexpected require((app-pages-browser)/./src/lib/mock/index.ts) from disposed module (app-pages-browser)/./src/lib/api.ts @ webpack-internal:///(app-pages-browser)/./node_modules/next/dist/next-devtools/shared/forward-logs-shared.js:44
[  365499ms] [WARNING] [HMR] unexpected require((app-pages-browser)/./src/lib/mock/index.ts) from disposed module (app-pages-browser)/./src/lib/api.ts @ webpack-internal:///(app-pages-browser)/./node_modules/next/dist/next-devtools/shared/forward-logs-shared.js:44
[  367499ms] [WARNING] [HMR] unexpected require((app-pages-browser)/./src/lib/mock/index.ts) from disposed module (app-pages-browser)/./src/lib/api.ts @ webpack-internal:///(app-pages-browser)/./node_modules/next/dist/next-devtools/shared/forward-logs-shared.js:44
[  369499ms] [WARNING] [HMR] unexpected require((app-pages-browser)/./src/lib/mock/index.ts) from disposed module (app-pages-browser)/./src/lib/api.ts @ webpack-internal:///(app-pages-browser)/./node_modules/next/dist/next-devtools/shared/forward-logs-shared.js:44
[  371499ms] [WARNING] [HMR] unexpected require((app-pages-browser)/./src/lib/mock/index.ts) from disposed module (app-pages-browser)/./src/lib/api.ts @ webpack-internal:///(app-pages-browser)/./node_modules/next/dist/next-devtools/shared/forward-logs-shared.js:44
[  373225ms] [WARNING] [HMR] unexpected require((app-pages-browser)/./src/lib/mock/index.ts) from disposed module (app-pages-browser)/./src/lib/api.ts @ webpack-internal:///(app-pages-browser)/./node_modules/next/dist/next-devtools/shared/forward-logs-shared.js:44
[  373225ms] [WARNING] [HMR] unexpected require((app-pages-browser)/./src/lib/mock/index.ts) from disposed module (app-pages-browser)/./src/lib/api.ts @ webpack-internal:///(app-pages-browser)/./node_modules/next/dist/next-devtools/shared/forward-logs-shared.js:44
[  373499ms] [WARNING] [HMR] unexpected require((app-pages-browser)/./src/lib/mock/index.ts) from disposed module (app-pages-browser)/./src/lib/api.ts @ webpack-internal:///(app-pages-browser)/./node_modules/next/dist/next-devtools/shared/forward-logs-shared.js:44
[  375499ms] [WARNING] [HMR] unexpected require((app-pages-browser)/./src/lib/mock/index.ts) from disposed module (app-pages-browser)/./src/lib/api.ts @ webpack-internal:///(app-pages-browser)/./node_modules/next/dist/next-devtools/shared/forward-logs-shared.js:44
[  377499ms] [WARNING] [HMR] unexpected require((app-pages-browser)/./src/lib/mock/index.ts) from disposed module (app-pages-browser)/./src/lib/api.ts @ webpack-internal:///(app-pages-browser)/./node_modules/next/dist/next-devtools/shared/forward-logs-shared.js:44
[  379499ms] [WARNING] [HMR] unexpected require((app-pages-browser)/./src/lib/mock/index.ts) from disposed module (app-pages-browser)/./src/lib/api.ts @ webpack-internal:///(app-pages-browser)/./node_modules/next/dist/next-devtools/shared/forward-logs-shared.js:44
[  381499ms] [WARNING] [HMR] unexpected require((app-pages-browser)/./src/lib/mock/index.ts) from disposed module (app-pages-browser)/./src/lib/api.ts @ webpack-internal:///(app-pages-browser)/./node_modules/next/dist/next-devtools/shared/forward-logs-shared.js:44
[  383224ms] [WARNING] [HMR] unexpected require((app-pages-browser)/./src/lib/mock/index.ts) from disposed module (app-pages-browser)/./src/lib/api.ts @ webpack-internal:///(app-pages-browser)/./node_modules/next/dist/next-devtools/shared/forward-logs-shared.js:44
[  383224ms] [WARNING] [HMR] unexpected require((app-pages-browser)/./src/lib/mock/index.ts) from disposed module (app-pages-browser)/./src/lib/api.ts @ webpack-internal:///(app-pages-browser)/./node_modules/next/dist/next-devtools/shared/forward-logs-shared.js:44
[  383499ms] [WARNING] [HMR] unexpected require((app-pages-browser)/./src/lib/mock/index.ts) from disposed module (app-pages-browser)/./src/lib/api.ts @ webpack-internal:///(app-pages-browser)/./node_modules/next/dist/next-devtools/shared/forward-logs-shared.js:44
[  385499ms] [WARNING] [HMR] unexpected require((app-pages-browser)/./src/lib/mock/index.ts) from disposed module (app-pages-browser)/./src/lib/api.ts @ webpack-internal:///(app-pages-browser)/./node_modules/next/dist/next-devtools/shared/forward-logs-shared.js:44
[  387499ms] [WARNING] [HMR] unexpected require((app-pages-browser)/./src/lib/mock/index.ts) from disposed module (app-pages-browser)/./src/lib/api.ts @ webpack-internal:///(app-pages-browser)/./node_modules/next/dist/next-devtools/shared/forward-logs-shared.js:44
[  389499ms] [WARNING] [HMR] unexpected require((app-pages-browser)/./src/lib/mock/index.ts) from disposed module (app-pages-browser)/./src/lib/api.ts @ webpack-internal:///(app-pages-browser)/./node_modules/next/dist/next-devtools/shared/forward-logs-shared.js:44
[  391499ms] [WARNING] [HMR] unexpected require((app-pages-browser)/./src/lib/mock/index.ts) from disposed module (app-pages-browser)/./src/lib/api.ts @ webpack-internal:///(app-pages-browser)/./node_modules/next/dist/next-devtools/shared/forward-logs-shared.js:44
[  393224ms] [WARNING] [HMR] unexpected require((app-pages-browser)/./src/lib/mock/index.ts) from disposed module (app-pages-browser)/./src/lib/api.ts @ webpack-internal:///(app-pages-browser)/./node_modules/next/dist/next-devtools/shared/forward-logs-shared.js:44
[  393224ms] [WARNING] [HMR] unexpected require((app-pages-browser)/./src/lib/mock/index.ts) from disposed module (app-pages-browser)/./src/lib/api.ts @ webpack-internal:///(app-pages-browser)/./node_modules/next/dist/next-devtools/shared/forward-logs-shared.js:44
[  393499ms] [WARNING] [HMR] unexpected require((app-pages-browser)/./src/lib/mock/index.ts) from disposed module (app-pages-browser)/./src/lib/api.ts @ webpack-internal:///(app-pages-browser)/./node_modules/next/dist/next-devtools/shared/forward-logs-shared.js:44
[  395499ms] [WARNING] [HMR] unexpected require((app-pages-browser)/./src/lib/mock/index.ts) from disposed module (app-pages-browser)/./src/lib/api.ts @ webpack-internal:///(app-pages-browser)/./node_modules/next/dist/next-devtools/shared/forward-logs-shared.js:44
[  397501ms] [WARNING] [HMR] unexpected require((app-pages-browser)/./src/lib/mock/index.ts) from disposed module (app-pages-browser)/./src/lib/api.ts @ webpack-internal:///(app-pages-browser)/./node_modules/next/dist/next-devtools/shared/forward-logs-shared.js:44
[  399500ms] [WARNING] [HMR] unexpected require((app-pages-browser)/./src/lib/mock/index.ts) from disposed module (app-pages-browser)/./src/lib/api.ts @ webpack-internal:///(app-pages-browser)/./node_modules/next/dist/next-devtools/shared/forward-logs-shared.js:44
[  401500ms] [WARNING] [HMR] unexpected require((app-pages-browser)/./src/lib/mock/index.ts) from disposed module (app-pages-browser)/./src/lib/api.ts @ webpack-internal:///(app-pages-browser)/./node_modules/next/dist/next-devtools/shared/forward-logs-shared.js:44
[  403224ms] [WARNING] [HMR] unexpected require((app-pages-browser)/./src/lib/mock/index.ts) from disposed module (app-pages-browser)/./src/lib/api.ts @ webpack-internal:///(app-pages-browser)/./node_modules/next/dist/next-devtools/shared/forward-logs-shared.js:44
[  403224ms] [WARNING] [HMR] unexpected require((app-pages-browser)/./src/lib/mock/index.ts) from disposed module (app-pages-browser)/./src/lib/api.ts @ webpack-internal:///(app-pages-browser)/./node_modules/next/dist/next-devtools/shared/forward-logs-shared.js:44
[  403499ms] [WARNING] [HMR] unexpected require((app-pages-browser)/./src/lib/mock/index.ts) from disposed module (app-pages-browser)/./src/lib/api.ts @ webpack-internal:///(app-pages-browser)/./node_modules/next/dist/next-devtools/shared/forward-logs-shared.js:44
[  405499ms] [WARNING] [HMR] unexpected require((app-pages-browser)/./src/lib/mock/index.ts) from disposed module (app-pages-browser)/./src/lib/api.ts @ webpack-internal:///(app-pages-browser)/./node_modules/next/dist/next-devtools/shared/forward-logs-shared.js:44
[  407499ms] [WARNING] [HMR] unexpected require((app-pages-browser)/./src/lib/mock/index.ts) from disposed module (app-pages-browser)/./src/lib/api.ts @ webpack-internal:///(app-pages-browser)/./node_modules/next/dist/next-devtools/shared/forward-logs-shared.js:44
[  409499ms] [WARNING] [HMR] unexpected require((app-pages-browser)/./src/lib/mock/index.ts) from disposed module (app-pages-browser)/./src/lib/api.ts @ webpack-internal:///(app-pages-browser)/./node_modules/next/dist/next-devtools/shared/forward-logs-shared.js:44
[  411500ms] [WARNING] [HMR] unexpected require((app-pages-browser)/./src/lib/mock/index.ts) from disposed module (app-pages-browser)/./src/lib/api.ts @ webpack-internal:///(app-pages-browser)/./node_modules/next/dist/next-devtools/shared/forward-logs-shared.js:44
[  413223ms] [WARNING] [HMR] unexpected require((app-pages-browser)/./src/lib/mock/index.ts) from disposed module (app-pages-browser)/./src/lib/api.ts @ webpack-internal:///(app-pages-browser)/./node_modules/next/dist/next-devtools/shared/forward-logs-shared.js:44
[  413224ms] [WARNING] [HMR] unexpected require((app-pages-browser)/./src/lib/mock/index.ts) from disposed module (app-pages-browser)/./src/lib/api.ts @ webpack-internal:///(app-pages-browser)/./node_modules/next/dist/next-devtools/shared/forward-logs-shared.js:44
[  413499ms] [WARNING] [HMR] unexpected require((app-pages-browser)/./src/lib/mock/index.ts) from disposed module (app-pages-browser)/./src/lib/api.ts @ webpack-internal:///(app-pages-browser)/./node_modules/next/dist/next-devtools/shared/forward-logs-shared.js:44
[  417403ms] [INFO] %cDownload the React DevTools for a better development experience: https://react.dev/link/react-devtools font-weight:bold @ webpack-internal:///(app-pages-browser)/./node_modules/next/dist/next-devtools/shared/forward-logs-shared.js:44
[  417583ms] [LOG] [HMR] connected @ webpack-internal:///(app-pages-browser)/./node_modules/next/dist/next-devtools/shared/forward-logs-shared.js:44
[  422508ms] [WARNING] The resource http://localhost:3100/_next/static/media/22a5144ee8d83bca-s.p.woff2?v=1791016734831 was preloaded using link preload but not used within a few seconds from the window's load event. Please make sure it has an appropriate `as` value and it is preloaded intentionally. @ http://localhost:3100/:0
[  422508ms] [WARNING] The resource http://localhost:3100/_next/static/media/7d4881bb7e1bf84d-s.p.woff2?v=1791016734831 was preloaded using link preload but not used within a few seconds from the window's load event. Please make sure it has an appropriate `as` value and it is preloaded intentionally. @ http://localhost:3100/:0
[  450121ms] [LOG] [Fast Refresh] rebuilding @ webpack-internal:///(app-pages-browser)/./node_modules/next/dist/next-devtools/shared/forward-logs-shared.js:44
[  451563ms] [LOG] [Fast Refresh] done in 1444ms @ webpack-internal:///(app-pages-browser)/./node_modules/next/dist/next-devtools/shared/forward-logs-shared.js:44
[  454985ms] [WARNING] The resource http://localhost:3100/_next/static/media/22a5144ee8d83bca-s.p.woff2?v=1791016734831 was preloaded using link preload but not used within a few seconds from the window's load event. Please make sure it has an appropriate `as` value and it is preloaded intentionally. @ http://localhost:3100/:0
[  454985ms] [WARNING] The resource http://localhost:3100/_next/static/media/7d4881bb7e1bf84d-s.p.woff2?v=1791016734831 was preloaded using link preload but not used within a few seconds from the window's load event. Please make sure it has an appropriate `as` value and it is preloaded intentionally. @ http://localhost:3100/:0
[  493223ms] [WARNING] The resource http://localhost:3100/_next/static/media/22a5144ee8d83bca-s.p.woff2?v=1791016734831 was preloaded using link preload but not used within a few seconds from the window's load event. Please make sure it has an appropriate `as` value and it is preloaded intentionally. @ http://localhost:3100/:0
[  493223ms] [WARNING] The resource http://localhost:3100/_next/static/media/7d4881bb7e1bf84d-s.p.woff2?v=1791016734831 was preloaded using link preload but not used within a few seconds from the window's load event. Please make sure it has an appropriate `as` value and it is preloaded intentionally. @ http://localhost:3100/:0
[  502187ms] [WARNING] The resource http://localhost:3100/_next/static/media/22a5144ee8d83bca-s.p.woff2?v=1791016734831 was preloaded using link preload but not used within a few seconds from the window's load event. Please make sure it has an appropriate `as` value and it is preloaded intentionally. @ http://localhost:3100/:0
[  502187ms] [WARNING] The resource http://localhost:3100/_next/static/media/7d4881bb7e1bf84d-s.p.woff2?v=1791016734831 was preloaded using link preload but not used within a few seconds from the window's load event. Please make sure it has an appropriate `as` value and it is preloaded intentionally. @ http://localhost:3100/:0
[  563338ms] [LOG] [Fast Refresh] rebuilding @ webpack-internal:///(app-pages-browser)/./node_modules/next/dist/next-devtools/shared/forward-logs-shared.js:44
[  563914ms] [LOG] [Fast Refresh] rebuilding @ webpack-internal:///(app-pages-browser)/./node_modules/next/dist/next-devtools/shared/forward-logs-shared.js:44
[  563979ms] [LOG] [Fast Refresh] done in 64ms @ webpack-internal:///(app-pages-browser)/./node_modules/next/dist/next-devtools/shared/forward-logs-shared.js:44
[  566981ms] [WARNING] The resource http://localhost:3100/_next/static/media/22a5144ee8d83bca-s.p.woff2?v=1791016734831 was preloaded using link preload but not used within a few seconds from the window's load event. Please make sure it has an appropriate `as` value and it is preloaded intentionally. @ http://localhost:3100/:0
[  566981ms] [WARNING] The resource http://localhost:3100/_next/static/media/7d4881bb7e1bf84d-s.p.woff2?v=1791016734831 was preloaded using link preload but not used within a few seconds from the window's load event. Please make sure it has an appropriate `as` value and it is preloaded intentionally. @ http://localhost:3100/:0
[  568101ms] [LOG] [Fast Refresh] done in 4186ms @ webpack-internal:///(app-pages-browser)/./node_modules/next/dist/next-devtools/shared/forward-logs-shared.js:44
[  568118ms] [WARNING] [HMR] unexpected require((app-pages-browser)/./src/lib/mock/index.ts) from disposed module (app-pages-browser)/./src/lib/api.ts @ webpack-internal:///(app-pages-browser)/./node_modules/next/dist/next-devtools/shared/forward-logs-shared.js:44
[  568122ms] [WARNING] [HMR] unexpected require((app-pages-browser)/./src/lib/mock/index.ts) from disposed module (app-pages-browser)/./src/lib/api.ts @ webpack-internal:///(app-pages-browser)/./node_modules/next/dist/next-devtools/shared/forward-logs-shared.js:44
[  571513ms] [WARNING] The resource http://localhost:3100/_next/static/media/22a5144ee8d83bca-s.p.woff2?v=1791016734831 was preloaded using link preload but not used within a few seconds from the window's load event. Please make sure it has an appropriate `as` value and it is preloaded intentionally. @ http://localhost:3100/:0
[  571514ms] [WARNING] The resource http://localhost:3100/_next/static/media/7d4881bb7e1bf84d-s.p.woff2?v=1791016734831 was preloaded using link preload but not used within a few seconds from the window's load event. Please make sure it has an appropriate `as` value and it is preloaded intentionally. @ http://localhost:3100/:0
[  632266ms] [INFO] %cDownload the React DevTools for a better development experience: https://react.dev/link/react-devtools font-weight:bold @ webpack-internal:///(app-pages-browser)/./node_modules/next/dist/next-devtools/shared/forward-logs-shared.js:44
[  632497ms] [LOG] [HMR] connected @ webpack-internal:///(app-pages-browser)/./node_modules/next/dist/next-devtools/shared/forward-logs-shared.js:44
[  639390ms] [WARNING] The resource http://localhost:3100/_next/static/media/7d4881bb7e1bf84d-s.p.woff2?v=1791016948497 was preloaded using link preload but not used within a few seconds from the window's load event. Please make sure it has an appropriate `as` value and it is preloaded intentionally. @ http://localhost:3100/:0
[  639390ms] [WARNING] The resource http://localhost:3100/_next/static/media/22a5144ee8d83bca-s.p.woff2?v=1791016948497 was preloaded using link preload but not used within a few seconds from the window's load event. Please make sure it has an appropriate `as` value and it is preloaded intentionally. @ http://localhost:3100/:0
[  647325ms] [WARNING] The resource http://localhost:3100/_next/static/media/7d4881bb7e1bf84d-s.p.woff2?v=1791016948497 was preloaded using link preload but not used within a few seconds from the window's load event. Please make sure it has an appropriate `as` value and it is preloaded intentionally. @ http://localhost:3100/:0
[  647325ms] [WARNING] The resource http://localhost:3100/_next/static/media/22a5144ee8d83bca-s.p.woff2?v=1791016948497 was preloaded using link preload but not used within a few seconds from the window's load event. Please make sure it has an appropriate `as` value and it is preloaded intentionally. @ http://localhost:3100/:0
[  746090ms] [ERROR] WebSocket connection to 'ws://localhost:3100/_next/hmr?id=p8h1LQt_8K7ZCANfxMlBI' failed: Error in connection establishment: net::ERR_CONNECTION_REFUSED @ webpack-internal:///(app-pages-browser)/./node_modules/next/dist/client/dev/hot-reloader/app/web-socket.js:59
[  747091ms] [ERROR] WebSocket connection to 'ws://localhost:3100/_next/hmr?id=p8h1LQt_8K7ZCANfxMlBI' failed: Error in connection establishment: net::ERR_CONNECTION_REFUSED @ webpack-internal:///(app-pages-browser)/./node_modules/next/dist/client/dev/hot-reloader/app/web-socket.js:59
[  748093ms] [ERROR] WebSocket connection to 'ws://localhost:3100/_next/hmr?id=p8h1LQt_8K7ZCANfxMlBI' failed: Error in connection establishment: net::ERR_CONNECTION_REFUSED @ webpack-internal:///(app-pages-browser)/./node_modules/next/dist/client/dev/hot-reloader/app/web-socket.js:59
[  749095ms] [ERROR] WebSocket connection to 'ws://localhost:3100/_next/hmr?id=p8h1LQt_8K7ZCANfxMlBI' failed: Error in connection establishment: net::ERR_CONNECTION_REFUSED @ webpack-internal:///(app-pages-browser)/./node_modules/next/dist/client/dev/hot-reloader/app/web-socket.js:59
[  750097ms] [ERROR] WebSocket connection to 'ws://localhost:3100/_next/hmr?id=p8h1LQt_8K7ZCANfxMlBI' failed: Error in connection establishment: net::ERR_CONNECTION_REFUSED @ webpack-internal:///(app-pages-browser)/./node_modules/next/dist/client/dev/hot-reloader/app/web-socket.js:59
[  756813ms] [LOG] [HMR] connected @ webpack-internal:///(app-pages-browser)/./node_modules/next/dist/next-devtools/shared/forward-logs-shared.js:44
[  759824ms] [WARNING] The resource http://localhost:3100/_next/static/media/7d4881bb7e1bf84d-s.p.woff2?v=1791016948497 was preloaded using link preload but not used within a few seconds from the window's load event. Please make sure it has an appropriate `as` value and it is preloaded intentionally. @ http://localhost:3100/:0
[  759824ms] [WARNING] The resource http://localhost:3100/_next/static/media/22a5144ee8d83bca-s.p.woff2?v=1791016948497 was preloaded using link preload but not used within a few seconds from the window's load event. Please make sure it has an appropriate `as` value and it is preloaded intentionally. @ http://localhost:3100/:0
[  767524ms] [INFO] %cDownload the React DevTools for a better development experience: https://react.dev/link/react-devtools font-weight:bold @ webpack-internal:///(app-pages-browser)/./node_modules/next/dist/next-devtools/shared/forward-logs-shared.js:44
[  767797ms] [LOG] [HMR] connected @ webpack-internal:///(app-pages-browser)/./node_modules/next/dist/next-devtools/shared/forward-logs-shared.js:44
